// Jest Snapshot v1, https://goo.gl/fbAQLP

exports[`getSystemQuestions getServiceConfigQuestions 1`] = `
[
  {
    "choices": [Function],
    "default": [Function],
    "guiOptions": {
      "applyDefaultWhenDirty": true,
    },
    "message": "prompts.config.package.packageInputChoice.message",
    "name": "packageInputChoice",
    "type": "list",
    "validate": [Function],
    "when": [Function],
  },
  {
    "name": "packageCliExecution",
    "type": "input",
    "when": [Function],
  },
  {
    "default": [Function],
    "guiOptions": {
      "breadcrumb": true,
      "hint": "prompts.config.package.packageManual.hint",
      "mandatory": true,
    },
    "message": "prompts.config.package.packageManual.message",
    "name": "packageManual",
    "type": "input",
    "validate": [Function],
    "when": [Function],
  },
  {
    "additionalInfo": [Function],
    "guiOptions": {
      "breadcrumb": true,
      "hint": "prompts.config.package.packageAutocomplete.hint",
      "mandatory": true,
    },
    "message": "prompts.config.package.packageAutocomplete.message",
    "name": "packageAutocomplete",
    "source": [Function],
    "type": "autocomplete",
    "validate": [Function],
    "when": [Function],
  },
  {
    "choices": [Function],
    "default": [Function],
    "guiOptions": {
      "applyDefaultWhenDirty": true,
    },
    "message": "prompts.config.transport.transportInputChoice.message",
    "name": "transportInputChoice",
    "type": "list",
    "validate": [Function],
    "when": [Function],
  },
  {
    "name": "transportCliExecution",
    "type": "input",
    "when": [Function],
  },
  {
    "default": [Function],
    "message": "prompts.config.transport.transportCreated.message",
    "name": "transportCreated",
    "type": "input",
    "when": [Function],
  },
  {
    "choices": [Function],
    "default": [Function],
    "guiOptions": {
      "breadcrumb": "prompts.config.transport.common.transportRequest",
      "hint": "prompts.config.transport.common.provideTransportRequest",
    },
    "message": "prompts.config.transport.common.transportRequest",
    "name": "transportFromList",
    "type": "list",
    "when": [Function],
  },
  {
    "default": [Function],
    "filter": [Function],
    "guiOptions": {
      "breadcrumb": "prompts.config.transport.common.transportRequest",
      "hint": "prompts.config.transport.common.provideTransportRequest",
    },
    "message": [Function],
    "name": "transportManual",
    "type": "input",
    "validate": [Function],
    "when": [Function],
  },
  {
    "choices": [Function],
    "default": [Function],
    "guiOptions": {
      "breadcrumb": "PROMPT_SERVICE_NAME_BREADCRUMB",
    },
    "message": "PROMPT_SERVICE_NAME",
    "name": "serviceName",
    "type": "expand",
    "validate": [Function],
    "when": [Function],
  },
  {
    "default": true,
    "guiOptions": {
      "breadcrumb": true,
      "mandatory": true,
    },
    "message": "PROMPT_DRAFT_ENABLED",
    "name": "draftEnabled",
    "type": "confirm",
    "validate": [Function],
  },
  {
    "additionalMessages": [Function],
    "default": false,
    "guiOptions": {
      "breadcrumb": "PROMPT_LAUNCH_APP_GEN_BREADCRUMB",
    },
    "message": "PROMPT_LAUNCH_APP_GEN",
    "name": "launchAppGen",
    "type": "confirm",
  },
]
`;

exports[`getSystemQuestions getServiceConfigQuestions 2`] = `
[
  {
    "name": "choices.transport.enterManually",
    "value": "EnterManualChoice",
  },
  {
    "name": "choices.common.listExisting",
    "value": "ListExistingChoice",
  },
  {
    "name": "choices.transport.createNew",
    "value": "CreateNewChoice",
  },
]
`;

exports[`getSystemQuestions getServiceConfigQuestions 3`] = `
ValidationLink {
  "link": {
    "icon": "data:image/svg+xml;base64,PHN2ZyB3aWR0aD0iMTIiIGhlaWdodD0iMTIiIHZpZXdCb3g9IjAgMCAxMiAxMiIgZmlsbD0ibm9uZSIgeG1sbnM9Imh0dHA6Ly93d3cudzMub3JnLzIwMDAvc3ZnIj4KPGcgY2xpcC1wYXRoPSJ1cmwoI2NsaXAwXzM0NTRfMTc4MDUpIj4KPHBhdGggZmlsbC1ydWxlPSJldmVub2RkIiBjbGlwLXJ1bGU9ImV2ZW5vZGQiIGQ9Ik0xMSA3LjI0MjIzVjkuNUMxMSA5LjY4OTM5IDEwLjg5MyA5Ljg2MjUyIDEwLjcyMzYgOS45NDcyMUw3LjcyMzYxIDExLjQ0NzJDNy41OTkyNSAxMS41MDk0IDcuNDU0NjIgMTEuNTE3IDcuMzI0NDQgMTEuNDY4MkwzLjQ5MDE4IDEwLjAzMDNMMC42NTgxMTQgMTAuOTc0M0MwLjUwNTY0IDExLjAyNTIgMC4zMzgwMjkgMTAuOTk5NiAwLjIwNzY0NSAxMC45MDU2QzAuMDc3MjYwNiAxMC44MTE2IDAgMTAuNjYwNyAwIDEwLjVWMi41QzAgMi4yODQ3OCAwLjEzNzcxNSAyLjA5MzcyIDAuMzQxODg2IDIuMDI1NjZMMy4zNDE4OSAxLjAyNTY2QzMuNDQ3OTcgMC45OTAyOTYgMy41NjI4NiAwLjk5MTUxNyAzLjY2ODE3IDEuMDI5MTNMNC41NDkyNSAxLjM0MzhDNC4zOTAxOSAxLjYzNDYzIDQuMjYyMyAxLjk0NDk0IDQuMTcwMDkgMi4yNzAyNUw0IDIuMjA5NVY5LjE1MzVMNyAxMC4yNzg1VjcuNzQzOTRDNy4zMTg0MSA3Ljg1NjQ4IDcuNjUzMjcgNy45MzQyMSA4IDcuOTcyNTRWMTAuMTkxTDEwIDkuMTkwOThWNy43NDM5NEMxMC4zNTYgNy42MTgxIDEwLjY5MTUgNy40NDg3MyAxMSA3LjI0MjIzWk0xIDkuODA2MjlWMi44NjAzOEwzIDIuMTkzNzFWOS4xMzk2MkwxIDkuODA2MjlaIiBmaWxsPSIjQzVDNUM1Ii8+CjxwYXRoIGZpbGwtcnVsZT0iZXZlbm9kZCIgY2xpcC1ydWxlPSJldmVub2RkIiBkPSJNNSAzLjQ2NjIyQzUgNC4yNTM4IDUuMjYyNjcgNC45ODAwMyA1LjcwNTE4IDUuNTYyMDlMNS4zNzc1OCA3LjQyTDcuMjg0NzEgNi43MjU4NkM3LjY1MzQ1IDYuODU5NTUgOC4wNTEzMiA2LjkzMjQ0IDguNDY2MjIgNi45MzI0NEMxMC4zODA2IDYuOTMyNDQgMTEuOTMyNCA1LjM4MDU2IDExLjkzMjQgMy40NjYyMkMxMS45MzI0IDEuNTUxODggMTAuMzgwNiAwIDguNDY2MjIgMEM2LjU1MTg4IDAgNSAxLjU1MTg4IDUgMy40NjYyMlpNOCAxLjVDOCAxLjIyMzg2IDguMjIzODYgMSA4LjUgMUM4Ljc3NjE0IDEgOSAxLjIyMzg2IDkgMS41QzkgMS43NzYxNCA4Ljc3NjE0IDIgOC41IDJDOC4yMjM4NiAyIDggMS43NzYxNCA4IDEuNVpNOC41IDNDOC4yMjM4NiAzIDggMy4yMjM4NiA4IDMuNVY1LjVDOCA1Ljc3NjE0IDguMjIzODYgNiA4LjUgNkM4Ljc3NjE0IDYgOSA1Ljc3NjE0IDkgNS41VjMuNUM5IDMuMjIzODYgOC43NzYxNCAzIDguNSAzWiIgZmlsbD0iI0M1QzVDNSIvPgo8L2c+CjxkZWZzPgo8Y2xpcFBhdGggaWQ9ImNsaXAwXzM0NTRfMTc4MDUiPgo8cmVjdCB3aWR0aD0iMTIiIGhlaWdodD0iMTIiIGZpbGw9IndoaXRlIi8+CjwvY2xpcFBhdGg+CjwvZGVmcz4KPC9zdmc+Cg==",
    "text": "guidedAnswers.validationErrorHelpText",
    "url": "https://ga.support.sap.com/dtp/viewer/index.html#/tree/3046/actions/63068",
  },
  "message": "ERROR_VALIDATING_CONTENT",
}
`;

exports[`getSystemQuestions getServiceConfigQuestions 4`] = `
ValidationLink {
  "link": {
    "icon": "data:image/svg+xml;base64,PHN2ZyB3aWR0aD0iMTIiIGhlaWdodD0iMTIiIHZpZXdCb3g9IjAgMCAxMiAxMiIgZmlsbD0ibm9uZSIgeG1sbnM9Imh0dHA6Ly93d3cudzMub3JnLzIwMDAvc3ZnIj4KPGcgY2xpcC1wYXRoPSJ1cmwoI2NsaXAwXzM0NTRfMTc4MDUpIj4KPHBhdGggZmlsbC1ydWxlPSJldmVub2RkIiBjbGlwLXJ1bGU9ImV2ZW5vZGQiIGQ9Ik0xMSA3LjI0MjIzVjkuNUMxMSA5LjY4OTM5IDEwLjg5MyA5Ljg2MjUyIDEwLjcyMzYgOS45NDcyMUw3LjcyMzYxIDExLjQ0NzJDNy41OTkyNSAxMS41MDk0IDcuNDU0NjIgMTEuNTE3IDcuMzI0NDQgMTEuNDY4MkwzLjQ5MDE4IDEwLjAzMDNMMC42NTgxMTQgMTAuOTc0M0MwLjUwNTY0IDExLjAyNTIgMC4zMzgwMjkgMTAuOTk5NiAwLjIwNzY0NSAxMC45MDU2QzAuMDc3MjYwNiAxMC44MTE2IDAgMTAuNjYwNyAwIDEwLjVWMi41QzAgMi4yODQ3OCAwLjEzNzcxNSAyLjA5MzcyIDAuMzQxODg2IDIuMDI1NjZMMy4zNDE4OSAxLjAyNTY2QzMuNDQ3OTcgMC45OTAyOTYgMy41NjI4NiAwLjk5MTUxNyAzLjY2ODE3IDEuMDI5MTNMNC41NDkyNSAxLjM0MzhDNC4zOTAxOSAxLjYzNDYzIDQuMjYyMyAxLjk0NDk0IDQuMTcwMDkgMi4yNzAyNUw0IDIuMjA5NVY5LjE1MzVMNyAxMC4yNzg1VjcuNzQzOTRDNy4zMTg0MSA3Ljg1NjQ4IDcuNjUzMjcgNy45MzQyMSA4IDcuOTcyNTRWMTAuMTkxTDEwIDkuMTkwOThWNy43NDM5NEMxMC4zNTYgNy42MTgxIDEwLjY5MTUgNy40NDg3MyAxMSA3LjI0MjIzWk0xIDkuODA2MjlWMi44NjAzOEwzIDIuMTkzNzFWOS4xMzk2MkwxIDkuODA2MjlaIiBmaWxsPSIjQzVDNUM1Ii8+CjxwYXRoIGZpbGwtcnVsZT0iZXZlbm9kZCIgY2xpcC1ydWxlPSJldmVub2RkIiBkPSJNNSAzLjQ2NjIyQzUgNC4yNTM4IDUuMjYyNjcgNC45ODAwMyA1LjcwNTE4IDUuNTYyMDlMNS4zNzc1OCA3LjQyTDcuMjg0NzEgNi43MjU4NkM3LjY1MzQ1IDYuODU5NTUgOC4wNTEzMiA2LjkzMjQ0IDguNDY2MjIgNi45MzI0NEMxMC4zODA2IDYuOTMyNDQgMTEuOTMyNCA1LjM4MDU2IDExLjkzMjQgMy40NjYyMkMxMS45MzI0IDEuNTUxODggMTAuMzgwNiAwIDguNDY2MjIgMEM2LjU1MTg4IDAgNSAxLjU1MTg4IDUgMy40NjYyMlpNOCAxLjVDOCAxLjIyMzg2IDguMjIzODYgMSA4LjUgMUM4Ljc3NjE0IDEgOSAxLjIyMzg2IDkgMS41QzkgMS43NzYxNCA4Ljc3NjE0IDIgOC41IDJDOC4yMjM4NiAyIDggMS43NzYxNCA4IDEuNVpNOC41IDNDOC4yMjM4NiAzIDggMy4yMjM4NiA4IDMuNVY1LjVDOCA1Ljc3NjE0IDguMjIzODYgNiA4LjUgNkM4Ljc3NjE0IDYgOSA1Ljc3NjE0IDkgNS41VjMuNUM5IDMuMjIzODYgOC43NzYxNCAzIDguNSAzWiIgZmlsbD0iI0M1QzVDNSIvPgo8L2c+CjxkZWZzPgo8Y2xpcFBhdGggaWQ9ImNsaXAwXzM0NTRfMTc4MDUiPgo8cmVjdCB3aWR0aD0iMTIiIGhlaWdodD0iMTIiIGZpbGw9IndoaXRlIi8+CjwvY2xpcFBhdGg+CjwvZGVmcz4KPC9zdmc+Cg==",
    "text": "guidedAnswers.validationErrorHelpText",
    "url": "https://ga.support.sap.com/dtp/viewer/index.html#/tree/3046/actions/63068",
  },
  "message": "ERROR_VALIDATING_CONTENT",
}
`;

exports[`getSystemQuestions getSystemQuestions 1`] = `
[
  {
    "choices": [
      {
        "name": "system1",
        "value": "system1",
      },
      {
        "name": "system2",
        "value": "system2",
      },
      {
        "name": "system3",
        "value": "system3",
      },
    ],
    "message": "Select a system",
    "name": "systemSelection",
    "type": "list",
  },
  {
    "choices": [Function],
    "default": "",
    "guiOptions": {
      "breadcrumb": true,
    },
    "message": "MESSAGE_OBJECT_TYPE",
    "name": "objectType",
    "type": "list",
    "when": [Function],
  },
  {
    "choices": [Function],
    "default": "",
    "guiOptions": {
      "applyDefaultWhenDirty": true,
      "breadcrumb": true,
    },
    "message": "MESSAGE_BUSINESS_OBJECT_INTERFACE",
    "name": "businessObjectInterface",
    "type": "list",
    "validate": [Function],
    "when": [Function],
  },
  {
    "choices": [Function],
    "default": "",
    "guiOptions": {
      "applyDefaultWhenDirty": true,
      "breadcrumb": true,
    },
    "message": "MESSAGE_ABAP_CDS_SERVICE",
    "name": "abapCDSView",
    "type": "list",
    "validate": [Function],
    "when": [Function],
  },
]
`;
