// Jest Snapshot v1, https://goo.gl/fbAQLP

exports[`enableCardEditor V4 LROP with CLI 3.0 1`] = `
"{
  \\"name\\": \\"apps.v4.example\\",
  \\"version\\": \\"0.0.1\\",
  \\"private\\": true,
  \\"sapux\\": true,
  \\"description\\": \\"My LROP V4 Application\\",
  \\"scripts\\": {
    \\"build\\": \\"ui5 build\\",
    \\"start\\": \\"ui5 serve --open \\\\\\"/test/flpSandbox.html#app-preview\\\\\\"\\",
    \\"start-cards-generator\\": \\"fiori run --open 'test/flpGeneratorSandbox.html#Cards-generator'\\"
  },
  \\"devDependencies\\": {
    \\"@ui5/cli\\": \\"3.9.0\\",
    \\"@sap/ux-ui5-tooling\\": \\"1\\",
    \\"@sap-ux/ui5-middleware-fe-mockserver\\": \\"2.2.19\\",
    \\"@sap-ux/preview-middleware\\": \\"0.11.26\\",
    \\"@sap-ux/cards-editor-middleware\\": \\"0\\"
  }
}
"
`;

exports[`enableCardEditor V4 LROP with CLI 3.0 2`] = `
"specVersion: \\"2.4\\"
metadata:
  name: apps.v4.example
type: application
server:
  customMiddleware:
    - name: preview-middleware
      afterMiddleware: compression
      configuration:
        flp:
          path: test/flpSandbox.html
    - name: sap-fe-mockserver
      afterMiddleware: compression
      configuration:
        services:
          - urlPath: '/sap/opu/odata4/mock'
            metadataPath: './webapp/localService/metadata.xml'
            generateMockData: true
    - name: fiori-tools-proxy
      afterMiddleware: sap-fe-mockserver
      configuration:
        ui5:
          path:
            - /resources
            - /test-resources
          url: https://ui5.sap.com
    - name: sap-cards-generator
      afterMiddleware: compression
"
`;

exports[`enableCardEditor Valid LROP 1`] = `
"{
  \\"devDependencies\\": {
    \\"@sap-ux/cards-editor-middleware\\": \\"0\\"
  },
  \\"scripts\\": {
    \\"start-cards-generator\\": \\"fiori run --open 'test/flpGeneratorSandbox.html#Cards-generator'\\"
  },
  \\"ui5\\": {
    \\"dependencies\\": [
      \\"@sap-ux/cards-editor-middleware\\"
    ]
  }
}
"
`;

exports[`enableCardEditor Valid LROP 2`] = `
"server:
  customMiddleware:
    - name: sap-cards-generator
      afterMiddleware: compression
"
`;
