// Jest Snapshot v1, https://goo.gl/fbAQLP

exports[`UI5 templates generates options 1`] = `
Object {
  ".eslintrc": Object {
    "contents": "{
  \\"plugins\\": [
    \\"@sap/ui5-jsdocs\\",
    \\"eslint-plugin-fiori-custom\\"
  ],
  \\"extends\\": [
    \\"plugin:@sap/ui5-jsdocs/recommended\\",
    \\"eslint:recommended\\",
    \\"./node_modules/eslint-plugin-fiori-custom/configure.eslintrc\\"
  ],
  \\"ignorePatterns\\": [
    \\"webapp/localservice/**\\",
    \\"webapp/test/**\\",
    \\"dist/**\\"
  ]
}
",
    "state": "modified",
  },
  ".gitignore": Object {
    "contents": "node_modules/
dist/
.scp/
.env
Makefile*.mta
mta_archives
mta-*
resources
archive.zip
.*_mta_build_tmp",
    "state": "modified",
  },
  "package.json": Object {
    "contents": "{
  \\"name\\": \\"testpackagename\\",
  \\"version\\": \\"0.0.1\\",
  \\"private\\": true,
  \\"description\\": \\"Test App Description\\",
  \\"keywords\\": [
    \\"ui5\\",
    \\"openui5\\",
    \\"sapui5\\"
  ],
  \\"main\\": \\"webapp/index.html\\",
  \\"dependencies\\": {},
  \\"devDependencies\\": {
    \\"@ui5/cli\\": \\"^2.14.1\\",
    \\"@sap/ux-ui5-tooling\\": \\"1\\",
    \\"eslint\\": \\"7.32.0\\",
    \\"@sap/eslint-plugin-ui5-jsdocs\\": \\"2.0.5\\",
    \\"@sapui5/ts-types\\": \\"1.92.2\\",
    \\"eslint-plugin-fiori-custom\\": \\"2.2.1\\",
    \\"@babel/eslint-parser\\": \\"7.14.7\\"
  },
  \\"scripts\\": {
    \\"start\\": \\"ui5 serve --config=ui5.yaml --open index.html\\",
    \\"start-local\\": \\"ui5 serve --config=ui5-local.yaml --open index.html\\",
    \\"build\\": \\"ui5 build --config=ui5.yaml --clean-dest --dest dist\\",
    \\"lint\\": \\"eslint ./ --rulesdir ./node_modules/eslint-plugin-fiori-custom/lib/rules/\\"
  },
  \\"ui5\\": {
    \\"dependencies\\": [
      \\"@sap/ux-ui5-tooling\\"
    ]
  },
  \\"sapux\\": true
}
",
    "state": "modified",
  },
  "tsconfig.json": Object {
    "contents": "{
  \\"compilerOptions\\": {
    \\"module\\": \\"none\\",
    \\"noEmit\\": true,
    \\"checkJs\\": true,
    \\"allowJs\\": true,
    \\"types\\": [
      \\"@sapui5/ts-types\\"
    ]
  }
}",
    "state": "modified",
  },
  "ui5-local.yaml": Object {
    "contents": "# yaml-language-server: $schema=https://sap.github.io/ui5-tooling/schema/ui5.yaml.json

specVersion: \\"2.5\\"
metadata:
  name: testAppId
type: application
framework:
  name: SAPUI5
  version: 1.95.0
  libraries:
    - name: sap.m
    - name: sap.ui.core
    - name: themelib_sap_fiori_3
server:
  customMiddleware:
    - name: fiori-tools-appreload
      afterMiddleware: compression
      configuration:
        port: 35729
        path: webapp
        delay: 300
",
    "state": "modified",
  },
  "ui5.yaml": Object {
    "contents": "# yaml-language-server: $schema=https://sap.github.io/ui5-tooling/schema/ui5.yaml.json

specVersion: \\"2.5\\"
metadata:
  name: testAppId
type: application
server:
  customMiddleware:
    - name: fiori-tools-proxy
      afterMiddleware: compression
      configuration:
        ignoreCertError: false # If set to true, certificate errors will be ignored. E.g. self-signed certificates will be accepted
        ui5:
          path:
            - /resources
            - /test-resources
          url: https://ui5.sap.com
          version: '' # The UI5 version, for instance, 1.78.1. Empty string means latest version
    - name: fiori-tools-appreload
      afterMiddleware: compression
      configuration:
        port: 35729
        path: webapp
        delay: 300
",
    "state": "modified",
  },
  "webapp/Component.js": Object {
    "contents": "sap.ui.define(
    [\\"sap/ui/core/UIComponent\\"],
    function (UIComponent) {
        \\"use strict\\";

        return UIComponent.extend(\\"testAppId.Component\\", {
            metadata: {
                manifest: \\"json\\"
            },

            /**
             * The component is initialized by UI5 automatically during the startup of the app and calls the init method once.
             * @public
             * @override
             */
            init: function () {
                // call the base component's init function
                UIComponent.prototype.init.apply(this, arguments);

                // enable routing
                this.getRouter().initialize();
            }
        });
    }
);",
    "state": "modified",
  },
  "webapp/i18n/i18n.properties": Object {
    "contents": "# This is the resource bundle for testAppId

#Texts for manifest.json

#XTIT: Application name
appTitle=Test App Title

#YDES: Application description
appDescription=Test App Description",
    "state": "modified",
  },
  "webapp/index.html": Object {
    "contents": "<!DOCTYPE html>
<html>
<head>
    <meta charset=\\"UTF-8\\">
    <meta name=\\"viewport\\" content=\\"width=device-width, initial-scale=1.0\\">
    <meta http-equiv=\\"X-UA-Compatible\\" content=\\"IE=edge\\">
    <title>Test App Title</title>
    <style>
        html, body, body > div, #container, #container-uiarea {
            height: 100%;
        }
    </style>
    <script
        id=\\"sap-ui-bootstrap\\"
        src=\\"resources/sap-ui-core.js\\"
        data-sap-ui-theme=\\"sap_fiori_3\\"
        data-sap-ui-resourceroots='{
            \\"testAppId\\": \\"./\\"
        }'
        data-sap-ui-oninit=\\"module:sap/ui/core/ComponentSupport\\"
        data-sap-ui-compatVersion=\\"edge\\"
        data-sap-ui-async=\\"true\\"
        data-sap-ui-frameOptions=\\"trusted\\"
    ></script>
</head>
<body class=\\"sapUiBody sapUiSizeCompact\\" id=\\"content\\">
    <div
        data-sap-ui-component
        data-name=\\"testAppId\\"
        data-id=\\"container\\"
        data-settings='{\\"id\\" : \\"testAppId\\"}'
        data-handle-validation=\\"true\\"
    ></div>
</body>
</html>",
    "state": "modified",
  },
  "webapp/manifest.json": Object {
    "contents": "{
    \\"_version\\": \\"1.12.0\\",
    \\"sap.app\\": {
        \\"id\\": \\"testAppId\\",
      \\"type\\": \\"application\\",
      \\"i18n\\": \\"i18n/i18n.properties\\",
      \\"applicationVersion\\": {
        \\"version\\": \\"0.0.1\\"
      },
      \\"title\\": \\"{{appTitle}}\\",
      \\"description\\": \\"{{appDescription}}\\",
      \\"resources\\": \\"resources.json\\"
    },
    \\"sap.ui\\": {
      \\"technology\\": \\"UI5\\",
      \\"icons\\": {
        \\"icon\\": \\"\\",
        \\"favIcon\\": \\"\\",
        \\"phone\\": \\"\\",
        \\"phone@2\\": \\"\\",
        \\"tablet\\": \\"\\",
        \\"tablet@2\\": \\"\\"
      },
      \\"deviceTypes\\": {
        \\"desktop\\": true,
        \\"tablet\\": true,
        \\"phone\\": true
      }
    },
    \\"sap.ui5\\": {
      \\"flexEnabled\\": true,
      \\"dependencies\\": {
        \\"minUI5Version\\": \\"1.60\\",
        \\"libs\\": {
          \\"sap.m\\": {},
          \\"sap.ui.core\\": {}
        }
      },
      \\"contentDensities\\": {
        \\"compact\\": true,
        \\"cozy\\": true
      },
      \\"models\\": {
        \\"i18n\\": {
          \\"type\\": \\"sap.ui.model.resource.ResourceModel\\",
          \\"settings\\": {
            \\"bundleName\\": \\"testAppId.i18n.i18n\\"
          }
        }
      },
      \\"resources\\": {
        \\"css\\": []
      },
      \\"routing\\": {
        \\"config\\": {},
        \\"routes\\": [],
        \\"targets\\": {}
      }
    }
  }
",
    "state": "modified",
  },
}
`;
