// Jest Snapshot v1, https://goo.gl/fbAQLP

exports[`Common utils prepareCardTypesForSaving 1`] = `
Object {
  "adaptive": "{
  \\"type\\": \\"AdaptiveCard\\",
  \\"body\\": [
    {
      \\"type\\": \\"TextBlock\\",
      \\"wrap\\": true,
      \\"weight\\": \\"Bolder\\",
      \\"text\\": \\"Card Title\\"
    }
  ]
}",
  "integration": "{
  \\"_version\\": \\"1.15.0\\",
  \\"sap.card\\": {
    \\"type\\": \\"Object\\",
    \\"header\\": {
      \\"type\\": \\"Numeric\\",
      \\"title\\": \\"Card title\\"
    }
  },
  \\"sap.insights\\": {
    \\"versions\\": {
      \\"ui5\\": \\"1.120.1-202403281300\\",
      \\"dtMiddleware\\": \\"0.1.0\\"
    },
    \\"templateName\\": \\"ObjectPage\\",
    \\"parentAppId\\": \\"sales.order.wd20\\",
    \\"cardType\\": \\"DT\\"
  }
}",
}
`;
