// Jest Snapshot v1, https://goo.gl/fbAQLP

exports[`ui5-library-reference-inquirer API getPrompts, no options 1`] = `
Array [
  Object {
    "choices": Array [],
    "default": [Function],
    "guiOptions": Object {
      "breadcrumb": true,
    },
    "message": "Project folder path",
    "name": "targetProjectFolder",
    "type": "list",
    "validate": [Function],
  },
  Object {
    "choices": Array [
      Object {
        "name": "Workspace",
        "value": "Workspace",
      },
    ],
    "default": 0,
    "guiOptions": Object {
      "breadcrumb": true,
    },
    "message": "Reusable Library Source",
    "name": "source",
    "type": "list",
  },
  Object {
    "additionalMessages": [Function],
    "choices": Array [],
    "guiOptions": Object {
      "breadcrumb": true,
    },
    "message": "Select Reusable Libraries",
    "name": "referenceLibraries",
    "type": "checkbox",
    "validate": [Function],
  },
]
`;
