// Jest Snapshot v1, https://goo.gl/fbAQLP

exports[`UIList matches snapshot 1`] = `
<div>
  <div
    class="ms-FocusZone css-112 ms-GroupedList ms-GroupedList--Compact uiList root-109"
    data-automationid="GroupedList"
    data-focuszone-id="FocusZone20"
    data-is-scrollable="false"
    data-tabster="{\\"uncontrolled\\": {}}"
    role="presentation"
  >
    <div
      class="ms-List"
      role="treegrid"
    >
      <div
        class="ms-List-surface"
        role="presentation"
      >
        <div
          class="ms-List-page"
          role="presentation"
        >
          <div
            class="ms-List-cell"
            data-automationid="ListCell"
            data-list-index="0"
            role="presentation"
          >
            <div
              class="ms-GroupedList-group group-110"
              role="presentation"
            >
              <div
                aria-expanded="true"
                aria-labelledby="GroupHeader22"
                aria-level="1"
                aria-posinset="1"
                aria-setsize="2"
                class="ms-GroupHeader ms-GroupHeader--compact root-113"
                data-is-focusable="true"
                data-selection-index="0"
                data-selection-span="2"
                role="row"
              >
                <div
                  class="groupHeaderContainer-114"
                  role="presentation"
                >
                  <div
                    class="ms-GroupHeader-dropIcon dropIcon-120"
                    role="presentation"
                  >
                    <i
                      aria-hidden="true"
                      class="root-105"
                      data-icon-name="Tag"
                    />
                  </div>
                  <div
                    role="gridcell"
                  >
                    <button
                      aria-expanded="true"
                      class="ms-GroupHeader-expand expand-117"
                      data-is-focusable="false"
                      data-selection-disabled="true"
                      style="width: 20px; padding-right: 5px;"
                      type="button"
                    >
                      <i
                        aria-hidden="true"
                        class="expandIsCollapsed-121"
                        data-icon-name="ArrowRight"
                      />
                    </button>
                  </div>
                  <div
                    class="ms-GroupHeader-title title-119"
                    data-selection-invoke="true"
                    id="GroupHeader22"
                    role="gridcell"
                  >
                    <span>
                      Group 1
                    </span>
                    <span
                      class="headerCount-115"
                    >
                      (
                      2
                      )
                    </span>
                  </div>
                </div>
              </div>
              <div
                aria-label="Group 1"
                class="ms-List"
                id="GroupedListSection21"
                role="rowgroup"
              >
                <div
                  class="ms-List-surface"
                  role="presentation"
                >
                  <div
                    class="ms-List-page"
                    role="presentation"
                  >
                    <div
                      class="ms-List-cell"
                      data-automationid="ListCell"
                      data-list-index="0"
                      role="presentation"
                    >
                      <div
                        data-testid="cell-0"
                      >
                        Cell 
                        0
                      </div>
                    </div>
                    <div
                      class="ms-List-cell"
                      data-automationid="ListCell"
                      data-list-index="1"
                      role="presentation"
                    >
                      <div
                        data-testid="cell-1"
                      >
                        Cell 
                        1
                      </div>
                    </div>
                  </div>
                </div>
              </div>
            </div>
          </div>
        </div>
        <div
          class="ms-List-page"
          role="presentation"
        >
          <div
            class="ms-List-cell"
            data-automationid="ListCell"
            data-list-index="1"
            role="presentation"
          >
            <div
              class="ms-GroupedList-group group-110"
              role="presentation"
            >
              <div
                aria-expanded="true"
                aria-labelledby="GroupHeader24"
                aria-level="1"
                aria-posinset="2"
                aria-setsize="2"
                class="ms-GroupHeader ms-GroupHeader--compact root-113"
                data-is-focusable="true"
                data-selection-index="2"
                data-selection-span="1"
                role="row"
              >
                <div
                  class="groupHeaderContainer-114"
                  role="presentation"
                >
                  <div
                    class="ms-GroupHeader-dropIcon dropIcon-120"
                    role="presentation"
                  >
                    <i
                      aria-hidden="true"
                      class="root-105"
                      data-icon-name="Tag"
                    />
                  </div>
                  <div
                    role="gridcell"
                  >
                    <button
                      aria-expanded="true"
                      class="ms-GroupHeader-expand expand-117"
                      data-is-focusable="false"
                      data-selection-disabled="true"
                      style="width: 20px; padding-right: 5px;"
                      type="button"
                    >
                      <i
                        aria-hidden="true"
                        class="expandIsCollapsed-121"
                        data-icon-name="ArrowRight"
                      />
                    </button>
                  </div>
                  <div
                    class="ms-GroupHeader-title title-119"
                    data-selection-invoke="true"
                    id="GroupHeader24"
                    role="gridcell"
                  >
                    <span>
                      Group 2
                    </span>
                    <span
                      class="headerCount-115"
                    >
                      (
                      1
                      )
                    </span>
                  </div>
                </div>
              </div>
              <div
                aria-label="Group 2"
                class="ms-List"
                id="GroupedListSection23"
                role="rowgroup"
              >
                <div
                  class="ms-List-surface"
                  role="presentation"
                >
                  <div
                    class="ms-List-page"
                    role="presentation"
                  >
                    <div
                      class="ms-List-cell"
                      data-automationid="ListCell"
                      data-list-index="2"
                      role="presentation"
                    >
                      <div
                        data-testid="cell-2"
                      >
                        Cell 
                        2
                      </div>
                    </div>
                  </div>
                </div>
              </div>
            </div>
          </div>
        </div>
      </div>
    </div>
  </div>
</div>
`;
